Performing C SOURCE FILE Test CMAKE_HAVE_LIBC_PTHREAD failed with the following output:
Change Dir: /home/mrxmohit/workplace/babelfish_extensions/contrib/babelfishpg_tsql/antlr/thirdparty/antlr/antlr4/build/CMakeFiles/CMakeTmp

Run Build Command(s):/usr/bin/gmake -f Makefile cmTC_0a8f7/fast && /usr/bin/gmake  -f CMakeFiles/cmTC_0a8f7.dir/build.make CMakeFiles/cmTC_0a8f7.dir/build
gmake[1]: Entering directory `/workplace/mrxmohit/babelfish_extensions/contrib/babelfishpg_tsql/antlr/thirdparty/antlr/antlr4/build/CMakeFiles/CMakeTmp'
Building C object CMakeFiles/cmTC_0a8f7.dir/src.c.o
/usr/bin/cc -DCMAKE_HAVE_LIBC_PTHREAD   -o CMakeFiles/cmTC_0a8f7.dir/src.c.o -c /home/mrxmohit/workplace/babelfish_extensions/contrib/babelfishpg_tsql/antlr/thirdparty/antlr/antlr4/build/CMakeFiles/CMakeTmp/src.c
Linking C executable cmTC_0a8f7
/local/home/mrxmohit/cmake-3.20.6-linux-x86_64/bin/cmake -E cmake_link_script CMakeFiles/cmTC_0a8f7.dir/link.txt --verbose=1
/usr/bin/cc CMakeFiles/cmTC_0a8f7.dir/src.c.o -o cmTC_0a8f7 
CMakeFiles/cmTC_0a8f7.dir/src.c.o: In function `main':
src.c:(.text+0x2d): undefined reference to `pthread_create'
src.c:(.text+0x39): undefined reference to `pthread_detach'
src.c:(.text+0x45): undefined reference to `pthread_cancel'
src.c:(.text+0x56): undefined reference to `pthread_join'
collect2: error: ld returned 1 exit status
gmake[1]: *** [cmTC_0a8f7] Error 1
gmake[1]: Leaving directory `/workplace/mrxmohit/babelfish_extensions/contrib/babelfishpg_tsql/antlr/thirdparty/antlr/antlr4/build/CMakeFiles/CMakeTmp'
gmake: *** [cmTC_0a8f7/fast] Error 2


Source file was:
#include <pthread.h>

static void* test_func(void* data)
{
  return data;
}

int main(void)
{
  pthread_t thread;
  pthread_create(&thread, NULL, test_func, NULL);
  pthread_detach(thread);
  pthread_cancel(thread);
  pthread_join(thread, NULL);
  pthread_atfork(NULL, NULL, NULL);
  pthread_exit(NULL);

  return 0;
}

Determining if the function pthread_create exists in the pthreads failed with the following output:
Change Dir: /home/mrxmohit/workplace/babelfish_extensions/contrib/babelfishpg_tsql/antlr/thirdparty/antlr/antlr4/build/CMakeFiles/CMakeTmp

Run Build Command(s):/usr/bin/gmake -f Makefile cmTC_14b80/fast && /usr/bin/gmake  -f CMakeFiles/cmTC_14b80.dir/build.make CMakeFiles/cmTC_14b80.dir/build
gmake[1]: Entering directory `/workplace/mrxmohit/babelfish_extensions/contrib/babelfishpg_tsql/antlr/thirdparty/antlr/antlr4/build/CMakeFiles/CMakeTmp'
Building C object CMakeFiles/cmTC_14b80.dir/CheckFunctionExists.c.o
/usr/bin/cc   -DCHECK_FUNCTION_EXISTS=pthread_create -o CMakeFiles/cmTC_14b80.dir/CheckFunctionExists.c.o -c /local/home/mrxmohit/cmake-3.20.6-linux-x86_64/share/cmake-3.20/Modules/CheckFunctionExists.c
Linking C executable cmTC_14b80
/local/home/mrxmohit/cmake-3.20.6-linux-x86_64/bin/cmake -E cmake_link_script CMakeFiles/cmTC_14b80.dir/link.txt --verbose=1
/usr/bin/cc  -DCHECK_FUNCTION_EXISTS=pthread_create CMakeFiles/cmTC_14b80.dir/CheckFunctionExists.c.o -o cmTC_14b80  -lpthreads 
/usr/bin/ld: cannot find -lpthreads
collect2: error: ld returned 1 exit status
gmake[1]: *** [cmTC_14b80] Error 1
gmake[1]: Leaving directory `/workplace/mrxmohit/babelfish_extensions/contrib/babelfishpg_tsql/antlr/thirdparty/antlr/antlr4/build/CMakeFiles/CMakeTmp'
gmake: *** [cmTC_14b80/fast] Error 2



