/* TRANSFORMATION_RULE "[[:Latin:][:Nd:]]; Latin-ASCII" */

static const remove_accent_map_pair pltsql_remove_accent_map[] =
{
    /* À */    {0xc380, 0x41},    /* A */
    /* Á */    {0xc381, 0x41},    /* A */
    /* Â */    {0xc382, 0x41},    /* A */
    /* Ã */    {0xc383, 0x41},    /* A */
    /* Ä */    {0xc384, 0x41},    /* A */
    /* Å */    {0xc385, 0x41},    /* A */
    /* Æ */    {0xc386, 0x4145},    /* AE */
    /* Ç */    {0xc387, 0x43},    /* C */
    /* È */    {0xc388, 0x45},    /* E */
    /* É */    {0xc389, 0x45},    /* E */
    /* Ê */    {0xc38a, 0x45},    /* E */
    /* Ë */    {0xc38b, 0x45},    /* E */
    /* Ì */    {0xc38c, 0x49},    /* I */
    /* Í */    {0xc38d, 0x49},    /* I */
    /* Î */    {0xc38e, 0x49},    /* I */
    /* Ï */    {0xc38f, 0x49},    /* I */
    /* Ð */    {0xc390, 0x44},    /* D */
    /* Ñ */    {0xc391, 0x4e},    /* N */
    /* Ò */    {0xc392, 0x4f},    /* O */
    /* Ó */    {0xc393, 0x4f},    /* O */
    /* Ô */    {0xc394, 0x4f},    /* O */
    /* Õ */    {0xc395, 0x4f},    /* O */
    /* Ö */    {0xc396, 0x4f},    /* O */
    /* Ø */    {0xc398, 0x4f},    /* O */
    /* Ù */    {0xc399, 0x55},    /* U */
    /* Ú */    {0xc39a, 0x55},    /* U */
    /* Û */    {0xc39b, 0x55},    /* U */
    /* Ü */    {0xc39c, 0x55},    /* U */
    /* Ý */    {0xc39d, 0x59},    /* Y */
    /* Þ */    {0xc39e, 0x5448},    /* TH */
    /* ß */    {0xc39f, 0x7373},    /* ss */
    /* à */    {0xc3a0, 0x61},    /* a */
    /* á */    {0xc3a1, 0x61},    /* a */
    /* â */    {0xc3a2, 0x61},    /* a */
    /* ã */    {0xc3a3, 0x61},    /* a */
    /* ä */    {0xc3a4, 0x61},    /* a */
    /* å */    {0xc3a5, 0x61},    /* a */
    /* æ */    {0xc3a6, 0x6165},    /* ae */
    /* ç */    {0xc3a7, 0x63},    /* c */
    /* è */    {0xc3a8, 0x65},    /* e */
    /* é */    {0xc3a9, 0x65},    /* e */
    /* ê */    {0xc3aa, 0x65},    /* e */
    /* ë */    {0xc3ab, 0x65},    /* e */
    /* ì */    {0xc3ac, 0x69},    /* i */
    /* í */    {0xc3ad, 0x69},    /* i */
    /* î */    {0xc3ae, 0x69},    /* i */
    /* ï */    {0xc3af, 0x69},    /* i */
    /* ð */    {0xc3b0, 0x64},    /* d */
    /* ñ */    {0xc3b1, 0x6e},    /* n */
    /* ò */    {0xc3b2, 0x6f},    /* o */
    /* ó */    {0xc3b3, 0x6f},    /* o */
    /* ô */    {0xc3b4, 0x6f},    /* o */
    /* õ */    {0xc3b5, 0x6f},    /* o */
    /* ö */    {0xc3b6, 0x6f},    /* o */
    /* ø */    {0xc3b8, 0x6f},    /* o */
    /* ù */    {0xc3b9, 0x75},    /* u */
    /* ú */    {0xc3ba, 0x75},    /* u */
    /* û */    {0xc3bb, 0x75},    /* u */
    /* ü */    {0xc3bc, 0x75},    /* u */
    /* ý */    {0xc3bd, 0x79},    /* y */
    /* þ */    {0xc3be, 0x7468},    /* th */
    /* ÿ */    {0xc3bf, 0x79},    /* y */
    /* Ā */    {0xc480, 0x41},    /* A */
    /* ā */    {0xc481, 0x61},    /* a */
    /* Ă */    {0xc482, 0x41},    /* A */
    /* ă */    {0xc483, 0x61},    /* a */
    /* Ą */    {0xc484, 0x41},    /* A */
    /* ą */    {0xc485, 0x61},    /* a */
    /* Ć */    {0xc486, 0x43},    /* C */
    /* ć */    {0xc487, 0x63},    /* c */
    /* Ĉ */    {0xc488, 0x43},    /* C */
    /* ĉ */    {0xc489, 0x63},    /* c */
    /* Ċ */    {0xc48a, 0x43},    /* C */
    /* ċ */    {0xc48b, 0x63},    /* c */
    /* Č */    {0xc48c, 0x43},    /* C */
    /* č */    {0xc48d, 0x63},    /* c */
    /* Ď */    {0xc48e, 0x44},    /* D */
    /* ď */    {0xc48f, 0x64},    /* d */
    /* Đ */    {0xc490, 0x44},    /* D */
    /* đ */    {0xc491, 0x64},    /* d */
    /* Ē */    {0xc492, 0x45},    /* E */
    /* ē */    {0xc493, 0x65},    /* e */
    /* Ĕ */    {0xc494, 0x45},    /* E */
    /* ĕ */    {0xc495, 0x65},    /* e */
    /* Ė */    {0xc496, 0x45},    /* E */
    /* ė */    {0xc497, 0x65},    /* e */
    /* Ę */    {0xc498, 0x45},    /* E */
    /* ę */    {0xc499, 0x65},    /* e */
    /* Ě */    {0xc49a, 0x45},    /* E */
    /* ě */    {0xc49b, 0x65},    /* e */
    /* Ĝ */    {0xc49c, 0x47},    /* G */
    /* ĝ */    {0xc49d, 0x67},    /* g */
    /* Ğ */    {0xc49e, 0x47},    /* G */
    /* ğ */    {0xc49f, 0x67},    /* g */
    /* Ġ */    {0xc4a0, 0x47},    /* G */
    /* ġ */    {0xc4a1, 0x67},    /* g */
    /* Ģ */    {0xc4a2, 0x47},    /* G */
    /* ģ */    {0xc4a3, 0x67},    /* g */
    /* Ĥ */    {0xc4a4, 0x48},    /* H */
    /* ĥ */    {0xc4a5, 0x68},    /* h */
    /* Ħ */    {0xc4a6, 0x48},    /* H */
    /* ħ */    {0xc4a7, 0x68},    /* h */
    /* Ĩ */    {0xc4a8, 0x49},    /* I */
    /* ĩ */    {0xc4a9, 0x69},    /* i */
    /* Ī */    {0xc4aa, 0x49},    /* I */
    /* ī */    {0xc4ab, 0x69},    /* i */
    /* Ĭ */    {0xc4ac, 0x49},    /* I */
    /* ĭ */    {0xc4ad, 0x69},    /* i */
    /* Į */    {0xc4ae, 0x49},    /* I */
    /* į */    {0xc4af, 0x69},    /* i */
    /* İ */    {0xc4b0, 0x49},    /* I */
    /* ı */    {0xc4b1, 0x69},    /* i */
    /* Ĳ */    {0xc4b2, 0x494a},    /* IJ */
    /* ĳ */    {0xc4b3, 0x696a},    /* ij */
    /* Ĵ */    {0xc4b4, 0x4a},    /* J */
    /* ĵ */    {0xc4b5, 0x6a},    /* j */
    /* Ķ */    {0xc4b6, 0x4b},    /* K */
    /* ķ */    {0xc4b7, 0x6b},    /* k */
    /* ĸ */    {0xc4b8, 0x71},    /* q */
    /* Ĺ */    {0xc4b9, 0x4c},    /* L */
    /* ĺ */    {0xc4ba, 0x6c},    /* l */
    /* Ļ */    {0xc4bb, 0x4c},    /* L */
    /* ļ */    {0xc4bc, 0x6c},    /* l */
    /* Ľ */    {0xc4bd, 0x4c},    /* L */
    /* ľ */    {0xc4be, 0x6c},    /* l */
    /* Ŀ */    {0xc4bf, 0x4c},    /* L */
    /* ŀ */    {0xc580, 0x6c},    /* l */
    /* Ł */    {0xc581, 0x4c},    /* L */
    /* ł */    {0xc582, 0x6c},    /* l */
    /* Ń */    {0xc583, 0x4e},    /* N */
    /* ń */    {0xc584, 0x6e},    /* n */
    /* Ņ */    {0xc585, 0x4e},    /* N */
    /* ņ */    {0xc586, 0x6e},    /* n */
    /* Ň */    {0xc587, 0x4e},    /* N */
    /* ň */    {0xc588, 0x6e},    /* n */
    /* ŉ */    {0xc589, 0x276e},    /* 'n */
    /* Ŋ */    {0xc58a, 0x4e},    /* N */
    /* ŋ */    {0xc58b, 0x6e},    /* n */
    /* Ō */    {0xc58c, 0x4f},    /* O */
    /* ō */    {0xc58d, 0x6f},    /* o */
    /* Ŏ */    {0xc58e, 0x4f},    /* O */
    /* ŏ */    {0xc58f, 0x6f},    /* o */
    /* Ő */    {0xc590, 0x4f},    /* O */
    /* ő */    {0xc591, 0x6f},    /* o */
    /* Œ */    {0xc592, 0x4f45},    /* OE */
    /* œ */    {0xc593, 0x6f65},    /* oe */
    /* Ŕ */    {0xc594, 0x52},    /* R */
    /* ŕ */    {0xc595, 0x72},    /* r */
    /* Ŗ */    {0xc596, 0x52},    /* R */
    /* ŗ */    {0xc597, 0x72},    /* r */
    /* Ř */    {0xc598, 0x52},    /* R */
    /* ř */    {0xc599, 0x72},    /* r */
    /* Ś */    {0xc59a, 0x53},    /* S */
    /* ś */    {0xc59b, 0x73},    /* s */
    /* Ŝ */    {0xc59c, 0x53},    /* S */
    /* ŝ */    {0xc59d, 0x73},    /* s */
    /* Ş */    {0xc59e, 0x53},    /* S */
    /* ş */    {0xc59f, 0x73},    /* s */
    /* Š */    {0xc5a0, 0x53},    /* S */
    /* š */    {0xc5a1, 0x73},    /* s */
    /* Ţ */    {0xc5a2, 0x54},    /* T */
    /* ţ */    {0xc5a3, 0x74},    /* t */
    /* Ť */    {0xc5a4, 0x54},    /* T */
    /* ť */    {0xc5a5, 0x74},    /* t */
    /* Ŧ */    {0xc5a6, 0x54},    /* T */
    /* ŧ */    {0xc5a7, 0x74},    /* t */
    /* Ũ */    {0xc5a8, 0x55},    /* U */
    /* ũ */    {0xc5a9, 0x75},    /* u */
    /* Ū */    {0xc5aa, 0x55},    /* U */
    /* ū */    {0xc5ab, 0x75},    /* u */
    /* Ŭ */    {0xc5ac, 0x55},    /* U */
    /* ŭ */    {0xc5ad, 0x75},    /* u */
    /* Ů */    {0xc5ae, 0x55},    /* U */
    /* ů */    {0xc5af, 0x75},    /* u */
    /* Ű */    {0xc5b0, 0x55},    /* U */
    /* ű */    {0xc5b1, 0x75},    /* u */
    /* Ų */    {0xc5b2, 0x55},    /* U */
    /* ų */    {0xc5b3, 0x75},    /* u */
    /* Ŵ */    {0xc5b4, 0x57},    /* W */
    /* ŵ */    {0xc5b5, 0x77},    /* w */
    /* Ŷ */    {0xc5b6, 0x59},    /* Y */
    /* ŷ */    {0xc5b7, 0x79},    /* y */
    /* Ÿ */    {0xc5b8, 0x59},    /* Y */
    /* Ź */    {0xc5b9, 0x5a},    /* Z */
    /* ź */    {0xc5ba, 0x7a},    /* z */
    /* Ż */    {0xc5bb, 0x5a},    /* Z */
    /* ż */    {0xc5bc, 0x7a},    /* z */
    /* Ž */    {0xc5bd, 0x5a},    /* Z */
    /* ž */    {0xc5be, 0x7a},    /* z */
    /* ſ */    {0xc5bf, 0x73},    /* s */
    /* ƀ */    {0xc680, 0x62},    /* b */
    /* Ɓ */    {0xc681, 0x42},    /* B */
    /* Ƃ */    {0xc682, 0x42},    /* B */
    /* ƃ */    {0xc683, 0x62},    /* b */
    /* Ƈ */    {0xc687, 0x43},    /* C */
    /* ƈ */    {0xc688, 0x63},    /* c */
    /* Ɖ */    {0xc689, 0x44},    /* D */
    /* Ɗ */    {0xc68a, 0x44},    /* D */
    /* Ƌ */    {0xc68b, 0x44},    /* D */
    /* ƌ */    {0xc68c, 0x64},    /* d */
    /* Ɛ */    {0xc690, 0x45},    /* E */
    /* Ƒ */    {0xc691, 0x46},    /* F */
    /* ƒ */    {0xc692, 0x66},    /* f */
    /* Ɠ */    {0xc693, 0x47},    /* G */
    /* ƕ */    {0xc695, 0x6876},    /* hv */
    /* Ɩ */    {0xc696, 0x49},    /* I */
    /* Ɨ */    {0xc697, 0x49},    /* I */
    /* Ƙ */    {0xc698, 0x4b},    /* K */
    /* ƙ */    {0xc699, 0x6b},    /* k */
    /* ƚ */    {0xc69a, 0x6c},    /* l */
    /* Ɲ */    {0xc69d, 0x4e},    /* N */
    /* ƞ */    {0xc69e, 0x6e},    /* n */
    /* Ơ */    {0xc6a0, 0x4f},    /* O */
    /* ơ */    {0xc6a1, 0x6f},    /* o */
    /* Ƣ */    {0xc6a2, 0x4f49},    /* OI */
    /* ƣ */    {0xc6a3, 0x6f69},    /* oi */
    /* Ƥ */    {0xc6a4, 0x50},    /* P */
    /* ƥ */    {0xc6a5, 0x70},    /* p */
    /* ƫ */    {0xc6ab, 0x74},    /* t */
    /* Ƭ */    {0xc6ac, 0x54},    /* T */
    /* ƭ */    {0xc6ad, 0x74},    /* t */
    /* Ʈ */    {0xc6ae, 0x54},    /* T */
    /* Ư */    {0xc6af, 0x55},    /* U */
    /* ư */    {0xc6b0, 0x75},    /* u */
    /* Ʋ */    {0xc6b2, 0x56},    /* V */
    /* Ƴ */    {0xc6b3, 0x59},    /* Y */
    /* ƴ */    {0xc6b4, 0x79},    /* y */
    /* Ƶ */    {0xc6b5, 0x5a},    /* Z */
    /* ƶ */    {0xc6b6, 0x7a},    /* z */
    /* Ǆ */    {0xc784, 0x445a},    /* DZ */
    /* ǅ */    {0xc785, 0x447a},    /* Dz */
    /* ǆ */    {0xc786, 0x647a},    /* dz */
    /* Ǉ */    {0xc787, 0x4c4a},    /* LJ */
    /* ǈ */    {0xc788, 0x4c6a},    /* Lj */
    /* ǉ */    {0xc789, 0x6c6a},    /* lj */
    /* Ǌ */    {0xc78a, 0x4e4a},    /* NJ */
    /* ǋ */    {0xc78b, 0x4e6a},    /* Nj */
    /* ǌ */    {0xc78c, 0x6e6a},    /* nj */
    /* Ǎ */    {0xc78d, 0x41},    /* A */
    /* ǎ */    {0xc78e, 0x61},    /* a */
    /* Ǐ */    {0xc78f, 0x49},    /* I */
    /* ǐ */    {0xc790, 0x69},    /* i */
    /* Ǒ */    {0xc791, 0x4f},    /* O */
    /* ǒ */    {0xc792, 0x6f},    /* o */
    /* Ǔ */    {0xc793, 0x55},    /* U */
    /* ǔ */    {0xc794, 0x75},    /* u */
    /* Ǖ */    {0xc795, 0x55},    /* U */
    /* ǖ */    {0xc796, 0x75},    /* u */
    /* Ǘ */    {0xc797, 0x55},    /* U */
    /* ǘ */    {0xc798, 0x75},    /* u */
    /* Ǚ */    {0xc799, 0x55},    /* U */
    /* ǚ */    {0xc79a, 0x75},    /* u */
    /* Ǜ */    {0xc79b, 0x55},    /* U */
    /* ǜ */    {0xc79c, 0x75},    /* u */
    /* Ǟ */    {0xc79e, 0x41},    /* A */
    /* ǟ */    {0xc79f, 0x61},    /* a */
    /* Ǡ */    {0xc7a0, 0x41},    /* A */
    /* ǡ */    {0xc7a1, 0x61},    /* a */
    /* Ǣ */    {0xc7a2, 0x4145},    /* AE */
    /* ǣ */    {0xc7a3, 0x6165},    /* ae */
    /* Ǥ */    {0xc7a4, 0x47},    /* G */
    /* ǥ */    {0xc7a5, 0x67},    /* g */
    /* Ǧ */    {0xc7a6, 0x47},    /* G */
    /* ǧ */    {0xc7a7, 0x67},    /* g */
    /* Ǩ */    {0xc7a8, 0x4b},    /* K */
    /* ǩ */    {0xc7a9, 0x6b},    /* k */
    /* Ǫ */    {0xc7aa, 0x4f},    /* O */
    /* ǫ */    {0xc7ab, 0x6f},    /* o */
    /* Ǭ */    {0xc7ac, 0x4f},    /* O */
    /* ǭ */    {0xc7ad, 0x6f},    /* o */
    /* Ǯ */    {0xc7ae, 0xc6b7},    /* Ʒ */
    /* ǯ */    {0xc7af, 0xca92},    /* ʒ */
    /* ǰ */    {0xc7b0, 0x6a},    /* j */
    /* Ǳ */    {0xc7b1, 0x445a},    /* DZ */
    /* ǲ */    {0xc7b2, 0x447a},    /* Dz */
    /* ǳ */    {0xc7b3, 0x647a},    /* dz */
    /* Ǵ */    {0xc7b4, 0x47},    /* G */
    /* ǵ */    {0xc7b5, 0x67},    /* g */
    /* Ǹ */    {0xc7b8, 0x4e},    /* N */
    /* ǹ */    {0xc7b9, 0x6e},    /* n */
    /* Ǻ */    {0xc7ba, 0x41},    /* A */
    /* ǻ */    {0xc7bb, 0x61},    /* a */
    /* Ǽ */    {0xc7bc, 0x4145},    /* AE */
    /* ǽ */    {0xc7bd, 0x6165},    /* ae */
    /* Ǿ */    {0xc7be, 0x4f},    /* O */
    /* ǿ */    {0xc7bf, 0x6f},    /* o */
    /* Ȁ */    {0xc880, 0x41},    /* A */
    /* ȁ */    {0xc881, 0x61},    /* a */
    /* Ȃ */    {0xc882, 0x41},    /* A */
    /* ȃ */    {0xc883, 0x61},    /* a */
    /* Ȅ */    {0xc884, 0x45},    /* E */
    /* ȅ */    {0xc885, 0x65},    /* e */
    /* Ȇ */    {0xc886, 0x45},    /* E */
    /* ȇ */    {0xc887, 0x65},    /* e */
    /* Ȉ */    {0xc888, 0x49},    /* I */
    /* ȉ */    {0xc889, 0x69},    /* i */
    /* Ȋ */    {0xc88a, 0x49},    /* I */
    /* ȋ */    {0xc88b, 0x69},    /* i */
    /* Ȍ */    {0xc88c, 0x4f},    /* O */
    /* ȍ */    {0xc88d, 0x6f},    /* o */
    /* Ȏ */    {0xc88e, 0x4f},    /* O */
    /* ȏ */    {0xc88f, 0x6f},    /* o */
    /* Ȑ */    {0xc890, 0x52},    /* R */
    /* ȑ */    {0xc891, 0x72},    /* r */
    /* Ȓ */    {0xc892, 0x52},    /* R */
    /* ȓ */    {0xc893, 0x72},    /* r */
    /* Ȕ */    {0xc894, 0x55},    /* U */
    /* ȕ */    {0xc895, 0x75},    /* u */
    /* Ȗ */    {0xc896, 0x55},    /* U */
    /* ȗ */    {0xc897, 0x75},    /* u */
    /* Ș */    {0xc898, 0x53},    /* S */
    /* ș */    {0xc899, 0x73},    /* s */
    /* Ț */    {0xc89a, 0x54},    /* T */
    /* ț */    {0xc89b, 0x74},    /* t */
    /* Ȟ */    {0xc89e, 0x48},    /* H */
    /* ȟ */    {0xc89f, 0x68},    /* h */
    /* ȡ */    {0xc8a1, 0x64},    /* d */
    /* Ȥ */    {0xc8a4, 0x5a},    /* Z */
    /* ȥ */    {0xc8a5, 0x7a},    /* z */
    /* Ȧ */    {0xc8a6, 0x41},    /* A */
    /* ȧ */    {0xc8a7, 0x61},    /* a */
    /* Ȩ */    {0xc8a8, 0x45},    /* E */
    /* ȩ */    {0xc8a9, 0x65},    /* e */
    /* Ȫ */    {0xc8aa, 0x4f},    /* O */
    /* ȫ */    {0xc8ab, 0x6f},    /* o */
    /* Ȭ */    {0xc8ac, 0x4f},    /* O */
    /* ȭ */    {0xc8ad, 0x6f},    /* o */
    /* Ȯ */    {0xc8ae, 0x4f},    /* O */
    /* ȯ */    {0xc8af, 0x6f},    /* o */
    /* Ȱ */    {0xc8b0, 0x4f},    /* O */
    /* ȱ */    {0xc8b1, 0x6f},    /* o */
    /* Ȳ */    {0xc8b2, 0x59},    /* Y */
    /* ȳ */    {0xc8b3, 0x79},    /* y */
    /* ȴ */    {0xc8b4, 0x6c},    /* l */
    /* ȵ */    {0xc8b5, 0x6e},    /* n */
    /* ȶ */    {0xc8b6, 0x74},    /* t */
    /* ȷ */    {0xc8b7, 0x6a},    /* j */
    /* ȸ */    {0xc8b8, 0x6462},    /* db */
    /* ȹ */    {0xc8b9, 0x7170},    /* qp */
    /* Ⱥ */    {0xc8ba, 0x41},    /* A */
    /* Ȼ */    {0xc8bb, 0x43},    /* C */
    /* ȼ */    {0xc8bc, 0x63},    /* c */
    /* Ƚ */    {0xc8bd, 0x4c},    /* L */
    /* Ⱦ */    {0xc8be, 0x54},    /* T */
    /* ȿ */    {0xc8bf, 0x73},    /* s */
    /* ɀ */    {0xc980, 0x7a},    /* z */
    /* Ƀ */    {0xc983, 0x42},    /* B */
    /* Ʉ */    {0xc984, 0x55},    /* U */
    /* Ɇ */    {0xc986, 0x45},    /* E */
    /* ɇ */    {0xc987, 0x65},    /* e */
    /* Ɉ */    {0xc988, 0x4a},    /* J */
    /* ɉ */    {0xc989, 0x6a},    /* j */
    /* Ɍ */    {0xc98c, 0x52},    /* R */
    /* ɍ */    {0xc98d, 0x72},    /* r */
    /* Ɏ */    {0xc98e, 0x59},    /* Y */
    /* ɏ */    {0xc98f, 0x79},    /* y */
    /* ɓ */    {0xc993, 0x62},    /* b */
    /* ɕ */    {0xc995, 0x63},    /* c */
    /* ɖ */    {0xc996, 0x64},    /* d */
    /* ɗ */    {0xc997, 0x64},    /* d */
    /* ɛ */    {0xc99b, 0x65},    /* e */
    /* ɟ */    {0xc99f, 0x6a},    /* j */
    /* ɠ */    {0xc9a0, 0x67},    /* g */
    /* ɡ */    {0xc9a1, 0x67},    /* g */
    /* ɢ */    {0xc9a2, 0x47},    /* G */
    /* ɦ */    {0xc9a6, 0x68},    /* h */
    /* ɧ */    {0xc9a7, 0x68},    /* h */
    /* ɨ */    {0xc9a8, 0x69},    /* i */
    /* ɪ */    {0xc9aa, 0x49},    /* I */
    /* ɫ */    {0xc9ab, 0x6c},    /* l */
    /* ɬ */    {0xc9ac, 0x6c},    /* l */
    /* ɭ */    {0xc9ad, 0x6c},    /* l */
    /* ɱ */    {0xc9b1, 0x6d},    /* m */
    /* ɲ */    {0xc9b2, 0x6e},    /* n */
    /* ɳ */    {0xc9b3, 0x6e},    /* n */
    /* ɴ */    {0xc9b4, 0x4e},    /* N */
    /* ɶ */    {0xc9b6, 0x4f45},    /* OE */
    /* ɼ */    {0xc9bc, 0x72},    /* r */
    /* ɽ */    {0xc9bd, 0x72},    /* r */
    /* ɾ */    {0xc9be, 0x72},    /* r */
    /* ʀ */    {0xca80, 0x52},    /* R */
    /* ʂ */    {0xca82, 0x73},    /* s */
    /* ʈ */    {0xca88, 0x74},    /* t */
    /* ʉ */    {0xca89, 0x75},    /* u */
    /* ʋ */    {0xca8b, 0x76},    /* v */
    /* ʏ */    {0xca8f, 0x59},    /* Y */
    /* ʐ */    {0xca90, 0x7a},    /* z */
    /* ʑ */    {0xca91, 0x7a},    /* z */
    /* ʙ */    {0xca99, 0x42},    /* B */
    /* ʛ */    {0xca9b, 0x47},    /* G */
    /* ʜ */    {0xca9c, 0x48},    /* H */
    /* ʝ */    {0xca9d, 0x6a},    /* j */
    /* ʟ */    {0xca9f, 0x4c},    /* L */
    /* ʠ */    {0xcaa0, 0x71},    /* q */
    /* ʣ */    {0xcaa3, 0x647a},    /* dz */
    /* ʥ */    {0xcaa5, 0x647a},    /* dz */
    /* ʦ */    {0xcaa6, 0x7473},    /* ts */
    /* ʪ */    {0xcaaa, 0x6c73},    /* ls */
    /* ʫ */    {0xcaab, 0x6c7a},    /* lz */
    /* ᴀ */    {0xe1b480, 0x41},    /* A */
    /* ᴁ */    {0xe1b481, 0x4145},    /* AE */
    /* ᴃ */    {0xe1b483, 0x42},    /* B */
    /* ᴄ */    {0xe1b484, 0x43},    /* C */
    /* ᴅ */    {0xe1b485, 0x44},    /* D */
    /* ᴆ */    {0xe1b486, 0x44},    /* D */
    /* ᴇ */    {0xe1b487, 0x45},    /* E */
    /* ᴊ */    {0xe1b48a, 0x4a},    /* J */
    /* ᴋ */    {0xe1b48b, 0x4b},    /* K */
    /* ᴌ */    {0xe1b48c, 0x4c},    /* L */
    /* ᴍ */    {0xe1b48d, 0x4d},    /* M */
    /* ᴏ */    {0xe1b48f, 0x4f},    /* O */
    /* ᴘ */    {0xe1b498, 0x50},    /* P */
    /* ᴛ */    {0xe1b49b, 0x54},    /* T */
    /* ᴜ */    {0xe1b49c, 0x55},    /* U */
    /* ᴠ */    {0xe1b4a0, 0x56},    /* V */
    /* ᴡ */    {0xe1b4a1, 0x57},    /* W */
    /* ᴢ */    {0xe1b4a2, 0x5a},    /* Z */
    /* ᵫ */    {0xe1b5ab, 0x7565},    /* ue */
    /* ᵬ */    {0xe1b5ac, 0x62},    /* b */
    /* ᵭ */    {0xe1b5ad, 0x64},    /* d */
    /* ᵮ */    {0xe1b5ae, 0x66},    /* f */
    /* ᵯ */    {0xe1b5af, 0x6d},    /* m */
    /* ᵰ */    {0xe1b5b0, 0x6e},    /* n */
    /* ᵱ */    {0xe1b5b1, 0x70},    /* p */
    /* ᵲ */    {0xe1b5b2, 0x72},    /* r */
    /* ᵳ */    {0xe1b5b3, 0x72},    /* r */
    /* ᵴ */    {0xe1b5b4, 0x73},    /* s */
    /* ᵵ */    {0xe1b5b5, 0x74},    /* t */
    /* ᵶ */    {0xe1b5b6, 0x7a},    /* z */
    /* ᵺ */    {0xe1b5ba, 0x7468},    /* th */
    /* ᵻ */    {0xe1b5bb, 0x49},    /* I */
    /* ᵽ */    {0xe1b5bd, 0x70},    /* p */
    /* ᵾ */    {0xe1b5be, 0x55},    /* U */
    /* ᶀ */    {0xe1b680, 0x62},    /* b */
    /* ᶁ */    {0xe1b681, 0x64},    /* d */
    /* ᶂ */    {0xe1b682, 0x66},    /* f */
    /* ᶃ */    {0xe1b683, 0x67},    /* g */
    /* ᶄ */    {0xe1b684, 0x6b},    /* k */
    /* ᶅ */    {0xe1b685, 0x6c},    /* l */
    /* ᶆ */    {0xe1b686, 0x6d},    /* m */
    /* ᶇ */    {0xe1b687, 0x6e},    /* n */
    /* ᶈ */    {0xe1b688, 0x70},    /* p */
    /* ᶉ */    {0xe1b689, 0x72},    /* r */
    /* ᶊ */    {0xe1b68a, 0x73},    /* s */
    /* ᶌ */    {0xe1b68c, 0x76},    /* v */
    /* ᶍ */    {0xe1b68d, 0x78},    /* x */
    /* ᶎ */    {0xe1b68e, 0x7a},    /* z */
    /* ᶏ */    {0xe1b68f, 0x61},    /* a */
    /* ᶑ */    {0xe1b691, 0x64},    /* d */
    /* ᶒ */    {0xe1b692, 0x65},    /* e */
    /* ᶓ */    {0xe1b693, 0x65},    /* e */
    /* ᶖ */    {0xe1b696, 0x69},    /* i */
    /* ᶙ */    {0xe1b699, 0x75},    /* u */
    /* Ḁ */    {0xe1b880, 0x41},    /* A */
    /* ḁ */    {0xe1b881, 0x61},    /* a */
    /* Ḃ */    {0xe1b882, 0x42},    /* B */
    /* ḃ */    {0xe1b883, 0x62},    /* b */
    /* Ḅ */    {0xe1b884, 0x42},    /* B */
    /* ḅ */    {0xe1b885, 0x62},    /* b */
    /* Ḇ */    {0xe1b886, 0x42},    /* B */
    /* ḇ */    {0xe1b887, 0x62},    /* b */
    /* Ḉ */    {0xe1b888, 0x43},    /* C */
    /* ḉ */    {0xe1b889, 0x63},    /* c */
    /* Ḋ */    {0xe1b88a, 0x44},    /* D */
    /* ḋ */    {0xe1b88b, 0x64},    /* d */
    /* Ḍ */    {0xe1b88c, 0x44},    /* D */
    /* ḍ */    {0xe1b88d, 0x64},    /* d */
    /* Ḏ */    {0xe1b88e, 0x44},    /* D */
    /* ḏ */    {0xe1b88f, 0x64},    /* d */
    /* Ḑ */    {0xe1b890, 0x44},    /* D */
    /* ḑ */    {0xe1b891, 0x64},    /* d */
    /* Ḓ */    {0xe1b892, 0x44},    /* D */
    /* ḓ */    {0xe1b893, 0x64},    /* d */
    /* Ḕ */    {0xe1b894, 0x45},    /* E */
    /* ḕ */    {0xe1b895, 0x65},    /* e */
    /* Ḗ */    {0xe1b896, 0x45},    /* E */
    /* ḗ */    {0xe1b897, 0x65},    /* e */
    /* Ḙ */    {0xe1b898, 0x45},    /* E */
    /* ḙ */    {0xe1b899, 0x65},    /* e */
    /* Ḛ */    {0xe1b89a, 0x45},    /* E */
    /* ḛ */    {0xe1b89b, 0x65},    /* e */
    /* Ḝ */    {0xe1b89c, 0x45},    /* E */
    /* ḝ */    {0xe1b89d, 0x65},    /* e */
    /* Ḟ */    {0xe1b89e, 0x46},    /* F */
    /* ḟ */    {0xe1b89f, 0x66},    /* f */
    /* Ḡ */    {0xe1b8a0, 0x47},    /* G */
    /* ḡ */    {0xe1b8a1, 0x67},    /* g */
    /* Ḣ */    {0xe1b8a2, 0x48},    /* H */
    /* ḣ */    {0xe1b8a3, 0x68},    /* h */
    /* Ḥ */    {0xe1b8a4, 0x48},    /* H */
    /* ḥ */    {0xe1b8a5, 0x68},    /* h */
    /* Ḧ */    {0xe1b8a6, 0x48},    /* H */
    /* ḧ */    {0xe1b8a7, 0x68},    /* h */
    /* Ḩ */    {0xe1b8a8, 0x48},    /* H */
    /* ḩ */    {0xe1b8a9, 0x68},    /* h */
    /* Ḫ */    {0xe1b8aa, 0x48},    /* H */
    /* ḫ */    {0xe1b8ab, 0x68},    /* h */
    /* Ḭ */    {0xe1b8ac, 0x49},    /* I */
    /* ḭ */    {0xe1b8ad, 0x69},    /* i */
    /* Ḯ */    {0xe1b8ae, 0x49},    /* I */
    /* ḯ */    {0xe1b8af, 0x69},    /* i */
    /* Ḱ */    {0xe1b8b0, 0x4b},    /* K */
    /* ḱ */    {0xe1b8b1, 0x6b},    /* k */
    /* Ḳ */    {0xe1b8b2, 0x4b},    /* K */
    /* ḳ */    {0xe1b8b3, 0x6b},    /* k */
    /* Ḵ */    {0xe1b8b4, 0x4b},    /* K */
    /* ḵ */    {0xe1b8b5, 0x6b},    /* k */
    /* Ḷ */    {0xe1b8b6, 0x4c},    /* L */
    /* ḷ */    {0xe1b8b7, 0x6c},    /* l */
    /* Ḹ */    {0xe1b8b8, 0x4c},    /* L */
    /* ḹ */    {0xe1b8b9, 0x6c},    /* l */
    /* Ḻ */    {0xe1b8ba, 0x4c},    /* L */
    /* ḻ */    {0xe1b8bb, 0x6c},    /* l */
    /* Ḽ */    {0xe1b8bc, 0x4c},    /* L */
    /* ḽ */    {0xe1b8bd, 0x6c},    /* l */
    /* Ḿ */    {0xe1b8be, 0x4d},    /* M */
    /* ḿ */    {0xe1b8bf, 0x6d},    /* m */
    /* Ṁ */    {0xe1b980, 0x4d},    /* M */
    /* ṁ */    {0xe1b981, 0x6d},    /* m */
    /* Ṃ */    {0xe1b982, 0x4d},    /* M */
    /* ṃ */    {0xe1b983, 0x6d},    /* m */
    /* Ṅ */    {0xe1b984, 0x4e},    /* N */
    /* ṅ */    {0xe1b985, 0x6e},    /* n */
    /* Ṇ */    {0xe1b986, 0x4e},    /* N */
    /* ṇ */    {0xe1b987, 0x6e},    /* n */
    /* Ṉ */    {0xe1b988, 0x4e},    /* N */
    /* ṉ */    {0xe1b989, 0x6e},    /* n */
    /* Ṋ */    {0xe1b98a, 0x4e},    /* N */
    /* ṋ */    {0xe1b98b, 0x6e},    /* n */
    /* Ṍ */    {0xe1b98c, 0x4f},    /* O */
    /* ṍ */    {0xe1b98d, 0x6f},    /* o */
    /* Ṏ */    {0xe1b98e, 0x4f},    /* O */
    /* ṏ */    {0xe1b98f, 0x6f},    /* o */
    /* Ṑ */    {0xe1b990, 0x4f},    /* O */
    /* ṑ */    {0xe1b991, 0x6f},    /* o */
    /* Ṓ */    {0xe1b992, 0x4f},    /* O */
    /* ṓ */    {0xe1b993, 0x6f},    /* o */
    /* Ṕ */    {0xe1b994, 0x50},    /* P */
    /* ṕ */    {0xe1b995, 0x70},    /* p */
    /* Ṗ */    {0xe1b996, 0x50},    /* P */
    /* ṗ */    {0xe1b997, 0x70},    /* p */
    /* Ṙ */    {0xe1b998, 0x52},    /* R */
    /* ṙ */    {0xe1b999, 0x72},    /* r */
    /* Ṛ */    {0xe1b99a, 0x52},    /* R */
    /* ṛ */    {0xe1b99b, 0x72},    /* r */
    /* Ṝ */    {0xe1b99c, 0x52},    /* R */
    /* ṝ */    {0xe1b99d, 0x72},    /* r */
    /* Ṟ */    {0xe1b99e, 0x52},    /* R */
    /* ṟ */    {0xe1b99f, 0x72},    /* r */
    /* Ṡ */    {0xe1b9a0, 0x53},    /* S */
    /* ṡ */    {0xe1b9a1, 0x73},    /* s */
    /* Ṣ */    {0xe1b9a2, 0x53},    /* S */
    /* ṣ */    {0xe1b9a3, 0x73},    /* s */
    /* Ṥ */    {0xe1b9a4, 0x53},    /* S */
    /* ṥ */    {0xe1b9a5, 0x73},    /* s */
    /* Ṧ */    {0xe1b9a6, 0x53},    /* S */
    /* ṧ */    {0xe1b9a7, 0x73},    /* s */
    /* Ṩ */    {0xe1b9a8, 0x53},    /* S */
    /* ṩ */    {0xe1b9a9, 0x73},    /* s */
    /* Ṫ */    {0xe1b9aa, 0x54},    /* T */
    /* ṫ */    {0xe1b9ab, 0x74},    /* t */
    /* Ṭ */    {0xe1b9ac, 0x54},    /* T */
    /* ṭ */    {0xe1b9ad, 0x74},    /* t */
    /* Ṯ */    {0xe1b9ae, 0x54},    /* T */
    /* ṯ */    {0xe1b9af, 0x74},    /* t */
    /* Ṱ */    {0xe1b9b0, 0x54},    /* T */
    /* ṱ */    {0xe1b9b1, 0x74},    /* t */
    /* Ṳ */    {0xe1b9b2, 0x55},    /* U */
    /* ṳ */    {0xe1b9b3, 0x75},    /* u */
    /* Ṵ */    {0xe1b9b4, 0x55},    /* U */
    /* ṵ */    {0xe1b9b5, 0x75},    /* u */
    /* Ṷ */    {0xe1b9b6, 0x55},    /* U */
    /* ṷ */    {0xe1b9b7, 0x75},    /* u */
    /* Ṹ */    {0xe1b9b8, 0x55},    /* U */
    /* ṹ */    {0xe1b9b9, 0x75},    /* u */
    /* Ṻ */    {0xe1b9ba, 0x55},    /* U */
    /* ṻ */    {0xe1b9bb, 0x75},    /* u */
    /* Ṽ */    {0xe1b9bc, 0x56},    /* V */
    /* ṽ */    {0xe1b9bd, 0x76},    /* v */
    /* Ṿ */    {0xe1b9be, 0x56},    /* V */
    /* ṿ */    {0xe1b9bf, 0x76},    /* v */
    /* Ẁ */    {0xe1ba80, 0x57},    /* W */
    /* ẁ */    {0xe1ba81, 0x77},    /* w */
    /* Ẃ */    {0xe1ba82, 0x57},    /* W */
    /* ẃ */    {0xe1ba83, 0x77},    /* w */
    /* Ẅ */    {0xe1ba84, 0x57},    /* W */
    /* ẅ */    {0xe1ba85, 0x77},    /* w */
    /* Ẇ */    {0xe1ba86, 0x57},    /* W */
    /* ẇ */    {0xe1ba87, 0x77},    /* w */
    /* Ẉ */    {0xe1ba88, 0x57},    /* W */
    /* ẉ */    {0xe1ba89, 0x77},    /* w */
    /* Ẋ */    {0xe1ba8a, 0x58},    /* X */
    /* ẋ */    {0xe1ba8b, 0x78},    /* x */
    /* Ẍ */    {0xe1ba8c, 0x58},    /* X */
    /* ẍ */    {0xe1ba8d, 0x78},    /* x */
    /* Ẏ */    {0xe1ba8e, 0x59},    /* Y */
    /* ẏ */    {0xe1ba8f, 0x79},    /* y */
    /* Ẑ */    {0xe1ba90, 0x5a},    /* Z */
    /* ẑ */    {0xe1ba91, 0x7a},    /* z */
    /* Ẓ */    {0xe1ba92, 0x5a},    /* Z */
    /* ẓ */    {0xe1ba93, 0x7a},    /* z */
    /* Ẕ */    {0xe1ba94, 0x5a},    /* Z */
    /* ẕ */    {0xe1ba95, 0x7a},    /* z */
    /* ẖ */    {0xe1ba96, 0x68},    /* h */
    /* ẗ */    {0xe1ba97, 0x74},    /* t */
    /* ẘ */    {0xe1ba98, 0x77},    /* w */
    /* ẙ */    {0xe1ba99, 0x79},    /* y */
    /* ẚ */    {0xe1ba9a, 0x61},    /* a */
    /* ẛ */    {0xe1ba9b, 0x73},    /* s */
    /* ẜ */    {0xe1ba9c, 0x73},    /* s */
    /* ẝ */    {0xe1ba9d, 0x73},    /* s */
    /* ẞ */    {0xe1ba9e, 0x5353},    /* SS */
    /* Ạ */    {0xe1baa0, 0x41},    /* A */
    /* ạ */    {0xe1baa1, 0x61},    /* a */
    /* Ả */    {0xe1baa2, 0x41},    /* A */
    /* ả */    {0xe1baa3, 0x61},    /* a */
    /* Ấ */    {0xe1baa4, 0x41},    /* A */
    /* ấ */    {0xe1baa5, 0x61},    /* a */
    /* Ầ */    {0xe1baa6, 0x41},    /* A */
    /* ầ */    {0xe1baa7, 0x61},    /* a */
    /* Ẩ */    {0xe1baa8, 0x41},    /* A */
    /* ẩ */    {0xe1baa9, 0x61},    /* a */
    /* Ẫ */    {0xe1baaa, 0x41},    /* A */
    /* ẫ */    {0xe1baab, 0x61},    /* a */
    /* Ậ */    {0xe1baac, 0x41},    /* A */
    /* ậ */    {0xe1baad, 0x61},    /* a */
    /* Ắ */    {0xe1baae, 0x41},    /* A */
    /* ắ */    {0xe1baaf, 0x61},    /* a */
    /* Ằ */    {0xe1bab0, 0x41},    /* A */
    /* ằ */    {0xe1bab1, 0x61},    /* a */
    /* Ẳ */    {0xe1bab2, 0x41},    /* A */
    /* ẳ */    {0xe1bab3, 0x61},    /* a */
    /* Ẵ */    {0xe1bab4, 0x41},    /* A */
    /* ẵ */    {0xe1bab5, 0x61},    /* a */
    /* Ặ */    {0xe1bab6, 0x41},    /* A */
    /* ặ */    {0xe1bab7, 0x61},    /* a */
    /* Ẹ */    {0xe1bab8, 0x45},    /* E */
    /* ẹ */    {0xe1bab9, 0x65},    /* e */
    /* Ẻ */    {0xe1baba, 0x45},    /* E */
    /* ẻ */    {0xe1babb, 0x65},    /* e */
    /* Ẽ */    {0xe1babc, 0x45},    /* E */
    /* ẽ */    {0xe1babd, 0x65},    /* e */
    /* Ế */    {0xe1babe, 0x45},    /* E */
    /* ế */    {0xe1babf, 0x65},    /* e */
    /* Ề */    {0xe1bb80, 0x45},    /* E */
    /* ề */    {0xe1bb81, 0x65},    /* e */
    /* Ể */    {0xe1bb82, 0x45},    /* E */
    /* ể */    {0xe1bb83, 0x65},    /* e */
    /* Ễ */    {0xe1bb84, 0x45},    /* E */
    /* ễ */    {0xe1bb85, 0x65},    /* e */
    /* Ệ */    {0xe1bb86, 0x45},    /* E */
    /* ệ */    {0xe1bb87, 0x65},    /* e */
    /* Ỉ */    {0xe1bb88, 0x49},    /* I */
    /* ỉ */    {0xe1bb89, 0x69},    /* i */
    /* Ị */    {0xe1bb8a, 0x49},    /* I */
    /* ị */    {0xe1bb8b, 0x69},    /* i */
    /* Ọ */    {0xe1bb8c, 0x4f},    /* O */
    /* ọ */    {0xe1bb8d, 0x6f},    /* o */
    /* Ỏ */    {0xe1bb8e, 0x4f},    /* O */
    /* ỏ */    {0xe1bb8f, 0x6f},    /* o */
    /* Ố */    {0xe1bb90, 0x4f},    /* O */
    /* ố */    {0xe1bb91, 0x6f},    /* o */
    /* Ồ */    {0xe1bb92, 0x4f},    /* O */
    /* ồ */    {0xe1bb93, 0x6f},    /* o */
    /* Ổ */    {0xe1bb94, 0x4f},    /* O */
    /* ổ */    {0xe1bb95, 0x6f},    /* o */
    /* Ỗ */    {0xe1bb96, 0x4f},    /* O */
    /* ỗ */    {0xe1bb97, 0x6f},    /* o */
    /* Ộ */    {0xe1bb98, 0x4f},    /* O */
    /* ộ */    {0xe1bb99, 0x6f},    /* o */
    /* Ớ */    {0xe1bb9a, 0x4f},    /* O */
    /* ớ */    {0xe1bb9b, 0x6f},    /* o */
    /* Ờ */    {0xe1bb9c, 0x4f},    /* O */
    /* ờ */    {0xe1bb9d, 0x6f},    /* o */
    /* Ở */    {0xe1bb9e, 0x4f},    /* O */
    /* ở */    {0xe1bb9f, 0x6f},    /* o */
    /* Ỡ */    {0xe1bba0, 0x4f},    /* O */
    /* ỡ */    {0xe1bba1, 0x6f},    /* o */
    /* Ợ */    {0xe1bba2, 0x4f},    /* O */
    /* ợ */    {0xe1bba3, 0x6f},    /* o */
    /* Ụ */    {0xe1bba4, 0x55},    /* U */
    /* ụ */    {0xe1bba5, 0x75},    /* u */
    /* Ủ */    {0xe1bba6, 0x55},    /* U */
    /* ủ */    {0xe1bba7, 0x75},    /* u */
    /* Ứ */    {0xe1bba8, 0x55},    /* U */
    /* ứ */    {0xe1bba9, 0x75},    /* u */
    /* Ừ */    {0xe1bbaa, 0x55},    /* U */
    /* ừ */    {0xe1bbab, 0x75},    /* u */
    /* Ử */    {0xe1bbac, 0x55},    /* U */
    /* ử */    {0xe1bbad, 0x75},    /* u */
    /* Ữ */    {0xe1bbae, 0x55},    /* U */
    /* ữ */    {0xe1bbaf, 0x75},    /* u */
    /* Ự */    {0xe1bbb0, 0x55},    /* U */
    /* ự */    {0xe1bbb1, 0x75},    /* u */
    /* Ỳ */    {0xe1bbb2, 0x59},    /* Y */
    /* ỳ */    {0xe1bbb3, 0x79},    /* y */
    /* Ỵ */    {0xe1bbb4, 0x59},    /* Y */
    /* ỵ */    {0xe1bbb5, 0x79},    /* y */
    /* Ỷ */    {0xe1bbb6, 0x59},    /* Y */
    /* ỷ */    {0xe1bbb7, 0x79},    /* y */
    /* Ỹ */    {0xe1bbb8, 0x59},    /* Y */
    /* ỹ */    {0xe1bbb9, 0x79},    /* y */
    /* Ỻ */    {0xe1bbba, 0x4c4c},    /* LL */
    /* ỻ */    {0xe1bbbb, 0x6c6c},    /* ll */
    /* Ỽ */    {0xe1bbbc, 0x56},    /* V */
    /* ỽ */    {0xe1bbbd, 0x76},    /* v */
    /* Ỿ */    {0xe1bbbe, 0x59},    /* Y */
    /* ỿ */    {0xe1bbbf, 0x79},    /* y */
    /* K */    {0xe284aa, 0x4b},    /* K */
    /* Å */    {0xe284ab, 0x41},    /* A */
    /* Ⅰ */    {0xe285a0, 0x49},    /* I */
    /* Ⅱ */    {0xe285a1, 0x4949},    /* II */
    /* Ⅲ */    {0xe285a2, 0x494949},    /* III */
    /* Ⅳ */    {0xe285a3, 0x4956},    /* IV */
    /* Ⅴ */    {0xe285a4, 0x56},    /* V */
    /* Ⅵ */    {0xe285a5, 0x5649},    /* VI */
    /* Ⅶ */    {0xe285a6, 0x564949},    /* VII */
    /* Ⅷ */    {0xe285a7, 0x56494949},    /* VIII */
    /* Ⅸ */    {0xe285a8, 0x4958},    /* IX */
    /* Ⅹ */    {0xe285a9, 0x58},    /* X */
    /* Ⅺ */    {0xe285aa, 0x5849},    /* XI */
    /* Ⅻ */    {0xe285ab, 0x584949},    /* XII */
    /* Ⅼ */    {0xe285ac, 0x4c},    /* L */
    /* Ⅽ */    {0xe285ad, 0x43},    /* C */
    /* Ⅾ */    {0xe285ae, 0x44},    /* D */
    /* Ⅿ */    {0xe285af, 0x4d},    /* M */
    /* ⅰ */    {0xe285b0, 0x69},    /* i */
    /* ⅱ */    {0xe285b1, 0x6969},    /* ii */
    /* ⅲ */    {0xe285b2, 0x696969},    /* iii */
    /* ⅳ */    {0xe285b3, 0x6976},    /* iv */
    /* ⅴ */    {0xe285b4, 0x76},    /* v */
    /* ⅵ */    {0xe285b5, 0x7669},    /* vi */
    /* ⅶ */    {0xe285b6, 0x766969},    /* vii */
    /* ⅷ */    {0xe285b7, 0x76696969},    /* viii */
    /* ⅸ */    {0xe285b8, 0x6978},    /* ix */
    /* ⅹ */    {0xe285b9, 0x78},    /* x */
    /* ⅺ */    {0xe285ba, 0x7869},    /* xi */
    /* ⅻ */    {0xe285bb, 0x786969},    /* xii */
    /* ⅼ */    {0xe285bc, 0x6c},    /* l */
    /* ⅽ */    {0xe285bd, 0x63},    /* c */
    /* ⅾ */    {0xe285be, 0x64},    /* d */
    /* ⅿ */    {0xe285bf, 0x6d},    /* m */
    /* ﬀ */    {0xefac80, 0x6666},    /* ff */
    /* ﬁ */    {0xefac81, 0x6669},    /* fi */
    /* ﬂ */    {0xefac82, 0x666c},    /* fl */
    /* ﬃ */    {0xefac83, 0x666669},    /* ffi */
    /* ﬄ */    {0xefac84, 0x66666c},    /* ffl */
    /* ﬅ */    {0xefac85, 0x7374},    /* st */
    /* ﬆ */    {0xefac86, 0x7374},    /* st */
    /* ０ */    {0xefbc90, 0x30},    /* 0 */
    /* １ */    {0xefbc91, 0x31},    /* 1 */
    /* ２ */    {0xefbc92, 0x32},    /* 2 */
    /* ３ */    {0xefbc93, 0x33},    /* 3 */
    /* ４ */    {0xefbc94, 0x34},    /* 4 */
    /* ５ */    {0xefbc95, 0x35},    /* 5 */
    /* ６ */    {0xefbc96, 0x36},    /* 6 */
    /* ７ */    {0xefbc97, 0x37},    /* 7 */
    /* ８ */    {0xefbc98, 0x38},    /* 8 */
    /* ９ */    {0xefbc99, 0x39},    /* 9 */
    /* Ａ */    {0xefbca1, 0x41},    /* A */
    /* Ｂ */    {0xefbca2, 0x42},    /* B */
    /* Ｃ */    {0xefbca3, 0x43},    /* C */
    /* Ｄ */    {0xefbca4, 0x44},    /* D */
    /* Ｅ */    {0xefbca5, 0x45},    /* E */
    /* Ｆ */    {0xefbca6, 0x46},    /* F */
    /* Ｇ */    {0xefbca7, 0x47},    /* G */
    /* Ｈ */    {0xefbca8, 0x48},    /* H */
    /* Ｉ */    {0xefbca9, 0x49},    /* I */
    /* Ｊ */    {0xefbcaa, 0x4a},    /* J */
    /* Ｋ */    {0xefbcab, 0x4b},    /* K */
    /* Ｌ */    {0xefbcac, 0x4c},    /* L */
    /* Ｍ */    {0xefbcad, 0x4d},    /* M */
    /* Ｎ */    {0xefbcae, 0x4e},    /* N */
    /* Ｏ */    {0xefbcaf, 0x4f},    /* O */
    /* Ｐ */    {0xefbcb0, 0x50},    /* P */
    /* Ｑ */    {0xefbcb1, 0x51},    /* Q */
    /* Ｒ */    {0xefbcb2, 0x52},    /* R */
    /* Ｓ */    {0xefbcb3, 0x53},    /* S */
    /* Ｔ */    {0xefbcb4, 0x54},    /* T */
    /* Ｕ */    {0xefbcb5, 0x55},    /* U */
    /* Ｖ */    {0xefbcb6, 0x56},    /* V */
    /* Ｗ */    {0xefbcb7, 0x57},    /* W */
    /* Ｘ */    {0xefbcb8, 0x58},    /* X */
    /* Ｙ */    {0xefbcb9, 0x59},    /* Y */
    /* Ｚ */    {0xefbcba, 0x5a},    /* Z */
    /* ａ */    {0xefbd81, 0x61},    /* a */
    /* ｂ */    {0xefbd82, 0x62},    /* b */
    /* ｃ */    {0xefbd83, 0x63},    /* c */
    /* ｄ */    {0xefbd84, 0x64},    /* d */
    /* ｅ */    {0xefbd85, 0x65},    /* e */
    /* ｆ */    {0xefbd86, 0x66},    /* f */
    /* ｇ */    {0xefbd87, 0x67},    /* g */
    /* ｈ */    {0xefbd88, 0x68},    /* h */
    /* ｉ */    {0xefbd89, 0x69},    /* i */
    /* ｊ */    {0xefbd8a, 0x6a},    /* j */
    /* ｋ */    {0xefbd8b, 0x6b},    /* k */
    /* ｌ */    {0xefbd8c, 0x6c},    /* l */
    /* ｍ */    {0xefbd8d, 0x6d},    /* m */
    /* ｎ */    {0xefbd8e, 0x6e},    /* n */
    /* ｏ */    {0xefbd8f, 0x6f},    /* o */
    /* ｐ */    {0xefbd90, 0x70},    /* p */
    /* ｑ */    {0xefbd91, 0x71},    /* q */
    /* ｒ */    {0xefbd92, 0x72},    /* r */
    /* ｓ */    {0xefbd93, 0x73},    /* s */
    /* ｔ */    {0xefbd94, 0x74},    /* t */
    /* ｕ */    {0xefbd95, 0x75},    /* u */
    /* ｖ */    {0xefbd96, 0x76},    /* v */
    /* ｗ */    {0xefbd97, 0x77},    /* w */
    /* ｘ */    {0xefbd98, 0x78},    /* x */
    /* ｙ */    {0xefbd99, 0x79},    /* y */
    /* ｚ */    {0xefbd9a, 0x7a}    /* z */
};